// Vitest Snapshot v1, https://vitest.dev/guide/snapshot.html

exports[`A multiple selection model > should retain search results when an item is selected 1`] = `
MultipleSelectionModel {
  "focused": Member {
    "nodeId": "void onCreate()",
  },
  "searchResult": [
    Member {
      "nodeId": "void onCreate()",
    },
    Member {
      "nodeId": "void onPause()",
    },
    Member {
      "nodeId": "void onResume()",
    },
  ],
  "searchTerm": "void",
  "selected": [
    Member {
      "nodeId": "void onCreate()",
    },
  ],
}
`;
