// Jest Snapshot v1, https://goo.gl/fbAQLP

exports[`A multiple selection model should retain search results when an item is selected 1`] = `
MultipleSelectionModel {
  "focused": Member {
    "nodeId": "void onCreate()",
  },
  "searchResult": Array [
    Member {
      "nodeId": "void onCreate()",
    },
    Member {
      "nodeId": "void onPause()",
    },
    Member {
      "nodeId": "void onResume()",
    },
  ],
  "searchTerm": "void",
  "selected": Array [
    Member {
      "nodeId": "void onCreate()",
    },
  ],
}
`;
