// Jest Snapshot v1, https://goo.gl/fbAQLP

exports[`class vocabulary should build a member vocabulary from a given graph 1`] = `
Object {
  "types": Array [
    "String",
    "int",
    "String",
    "void",
    "void",
    "String",
    "void",
    "int",
    "String",
    "String",
  ],
  "words": Array [
    "increment",
    "Version",
    "random",
    "what",
    "Version",
    "say",
    "Goodbye",
    "say",
    "Hello",
    "get",
    "Name",
    "version",
    "Code",
    "version",
    "name",
  ],
}
`;

exports[`class vocabulary should build vocabulary for state 1`] = `
Object {
  "types": Object {
    "String": 5,
    "int": 2,
    "void": 3,
  },
  "words": Object {
    "code": 1,
    "get": 1,
    "goodbye": 1,
    "hello": 1,
    "increment": 1,
    "name": 2,
    "random": 1,
    "say": 2,
    "version": 4,
    "what": 1,
  },
}
`;

exports[`class vocabulary should build vocabulary stats from the vocabulary object 1`] = `
Object {
  "types": Object {
    "String": 5,
    "int": 2,
    "void": 3,
  },
  "words": Object {
    "code": 1,
    "get": 1,
    "goodbye": 1,
    "hello": 1,
    "increment": 1,
    "name": 2,
    "random": 1,
    "say": 2,
    "version": 4,
    "what": 1,
  },
}
`;
